Child has started
Breaking out with signal 2
Child was stopped with status 37
