Child has started
Breaking out with signal 11
Child was stopped with status 37
