Title: The Shawshank Redemption
Year: 1994
Genre: Drama
The Shawshank Redemption [1994] - Drama
